
> kridha-store@0.1.0 build
> next build

Γû▓ Next.js 16.1.6 (Turbopack)

  Creating an optimized production build ...
node.exe : Found 1 
warning while 
optimizing generated 
CSS:
At line:1 char:1
+ & "C:\Program 
Files\nodejs/node.exe" 
"C:\Program 
Files\nodejs/node_mo 
...
+ ~~~~~~~~~~~~~~~~~~~~~
~~~~~~~~~~~~~~~~~~~~~~~
~~~~~~~~~~~~~~~~~~~~~~~
~~
    + CategoryInfo     
         : 
NotSpecified: (Fou    
nd 1 warning... genera 
   ted CSS::String) 
[], R    emoteException
    + 
FullyQualifiedErrorI   
 d : NativeCommandError
 

[2mΓöé   }[22m
[2mΓöé }[22m
[2mΓöé[22m @import ur
l('https://fonts.google
apis.com/css2?family=Co
rmorant+Garamond:wght@4
00;600;700&family=Monts
errat:wght@300;400;500;
600&display=swap');
[2mΓöå[22m        
[33m[2m^--[22m 
@import rules must 
precede all rules 
aside from @charset 
and @layer 
statements[39m
[2mΓöå[22m
[2mΓöé :root {[22m
[2mΓöé   
--background: 
#F9F6F0;[22m

Γ£ô Compiled successfully in 4.8s
  Running TypeScript ...
  Collecting page data using 7 workers ...
  Generating static pages using 7 workers (0/16) ...
  Generating static pages using 7 workers (4/16) 
  Generating static pages using 7 workers (8/16) 
Γ¿» useSearchParams() 
should be wrapped in a 
suspense boundary at 
page "/login". Read 
more: https://nextjs.or
g/docs/messages/missing
-suspense-with-csr-bail
out
    at Q 
(C:\freelancing\Kridha 
Store\.next\server\chun
ks\ssr\node_modules_nex
t_920e7746._.js:2:2111)
    at o 
(C:\freelancing\Kridha 
Store\.next\server\chun
ks\ssr\node_modules_nex
t_920e7746._.js:4:5284)
    at j 
(C:\freelancing\Kridha 
Store\.next\server\chun
ks\ssr\_cab48072._.js:1
:703)
    at an 
(C:\freelancing\Kridha 
Store\node_modules\next
\dist\compiled\next-ser
ver\app-page-turbo.runt
ime.prod.js:2:84360)
    at ai 
(C:\freelancing\Kridha 
Store\node_modules\next
\dist\compiled\next-ser
ver\app-page-turbo.runt
ime.prod.js:2:86179)
    at al 
(C:\freelancing\Kridha 
Store\node_modules\next
\dist\compiled\next-ser
ver\app-page-turbo.runt
ime.prod.js:2:107953)
    at as 
(C:\freelancing\Kridha 
Store\node_modules\next
\dist\compiled\next-ser
ver\app-page-turbo.runt
ime.prod.js:2:105368)
    at aa 
(C:\freelancing\Kridha 
Store\node_modules\next
\dist\compiled\next-ser
ver\app-page-turbo.runt
ime.prod.js:2:84712)
    at ai 
(C:\freelancing\Kridha 
Store\node_modules\next
\dist\compiled\next-ser
ver\app-page-turbo.runt
ime.prod.js:2:86228)
    at ai 
(C:\freelancing\Kridha 
Store\node_modules\next
\dist\compiled\next-ser
ver\app-page-turbo.runt
ime.prod.js:2:104708)
Error occurred 
prerendering page 
"/login". Read more: ht
tps://nextjs.org/docs/m
essages/prerender-error
Export encountered an 
error on /login/page: 
/login, exiting the 
build.
Γ¿» Next.js build 
worker exited with 
code: 1 and signal: 
null
